{
  "timestamp": 1523364075,
  "duration": 600,
  "graphType": "versionedApp",
  "elements": {
    "nodes": [
      {
        "data": {
          "id": "a370e27025c1fea6e29444f6984e23c4",
          "nodeType": "service",
          "namespace": "bookinfo",
          "service": "app.example.com",
          "destServices": [
            {
              "cluster": "",
              "namespace": "bookinfo",
              "name": "app.example.com"
            }
          ],
          "traffic": [
            {
              "protocol": "http",
              "rates": {
                "httpIn": "300.00"
              }
            }
          ]
        }
      },
      {
        "data": {
          "id": "354af352ce8b5c4103bc86828039622d",
          "nodeType": "app",
          "namespace": "bookinfo",
          "workload": "productpage-v1",
          "app": "productpage",
          "version": "v1",
          "destServices": [
            {
              "cluster": "",
              "namespace": "bookinfo",
              "name": "productpage"
            }
          ],
          "traffic": [
            {
              "protocol": "http",
              "rates": {
                "httpIn": "50.00"
              }
            }
          ]
        }
      },
      {
        "data": {
          "id": "2b8c0b20b3d123cfd18420b39505349e",
          "nodeType": "app",
          "namespace": "istio-system",
          "workload": "istio-egressgateway",
          "app": "istio-egressgateway",
          "version": "latest",
          "traffic": [
            {
              "protocol": "http",
              "rates": {
                "httpOut": "400.00"
              }
            }
          ]
        }
      },
      {
        "data": {
          "id": "6b246b3a246b873bb6f4f76871897c48",
          "nodeType": "app",
          "namespace": "tutorial",
          "workload": "customer-v1",
          "app": "customer",
          "version": "v1",
          "destServices": [
            {
              "cluster": "",
              "namespace": "tutorial",
              "name": "customer"
            }
          ],
          "traffic": [
            {
              "protocol": "grpc",
              "rates": {
                "grpcIn": "50.00",
                "grpcOut": "600.00"
              }
            },
            {
              "protocol": "http",
              "rates": {
                "httpOut": "1250.00"
              }
            }
          ]
        }
      },
      {
        "data": {
          "id": "7f92c6688ae60c2f8095fff466a1a7fa",
          "nodeType": "service",
          "namespace": "unknown",
          "service": "app.example-2.com",
          "destServices": [
            {
              "cluster": "",
              "namespace": "unknown",
              "name": "app.example-2.com"
            }
          ],
          "traffic": [
            {
              "protocol": "http",
              "rates": {
                "httpIn": "400.00"
              }
            }
          ],
          "isInaccessible": true
        }
      },
      {
        "data": {
          "id": "375ab940b56ae7bcf0f89cb1a7af5d44",
          "nodeType": "unknown",
          "namespace": "unknown",
          "workload": "unknown",
          "app": "unknown",
          "version": "unknown",
          "traffic": [
            {
              "protocol": "grpc",
              "rates": {
                "grpcOut": "50.00"
              }
            },
            {
              "protocol": "http",
              "rates": {
                "httpOut": "50.00"
              }
            }
          ],
          "isInaccessible": true,
          "isRoot": true
        }
      }
    ],
    "edges": [
      {
        "data": {
          "id": "73e063577dab29a69d0d132b60d617c2",
          "source": "2b8c0b20b3d123cfd18420b39505349e",
          "target": "7f92c6688ae60c2f8095fff466a1a7fa",
          "traffic": {
            "protocol": "http",
            "rates": {
              "http": "400.00",
              "httpPercentReq": "100.0"
            },
            "responses": {
              "200": {
                "flags": {
                  "-": "100.0"
                },
                "hosts": {
                  "app.example-2.com": "100.0"
                }
              }
            }
          }
        }
      },
      {
        "data": {
          "id": "fa70dcf5a35f2316ebcf120980a07b82",
          "source": "375ab940b56ae7bcf0f89cb1a7af5d44",
          "target": "354af352ce8b5c4103bc86828039622d",
          "traffic": {
            "protocol": "http",
            "rates": {
              "http": "50.00",
              "httpPercentReq": "100.0"
            },
            "responses": {
              "200": {
                "flags": {
                  "-": "100.0"
                },
                "hosts": {
                  "productpage:9080": "100.0"
                }
              }
            }
          }
        }
      },
      {
        "data": {
          "id": "b34ebe734dc4a8fd0f9ec0c19c207981",
          "source": "375ab940b56ae7bcf0f89cb1a7af5d44",
          "target": "6b246b3a246b873bb6f4f76871897c48",
          "traffic": {
            "protocol": "grpc",
            "rates": {
              "grpc": "50.00",
              "grpcPercentReq": "100.0"
            },
            "responses": {
              "0": {
                "flags": {
                  "-": "100.0"
                },
                "hosts": {
                  "customer:9080": "100.0"
                }
              }
            }
          }
        }
      },
      {
        "data": {
          "id": "9741fb82b090f9fd4cca60ce5440b4f0",
          "source": "6b246b3a246b873bb6f4f76871897c48",
          "target": "2b8c0b20b3d123cfd18420b39505349e",
          "traffic": {
            "protocol": "http",
            "rates": {
              "http": "900.00",
              "httpNoResponse": "500.00",
              "httpPercentErr": "55.6",
              "httpPercentReq": "72.0"
            },
            "responses": {
              "-": {
                "flags": {
                  "DC": "55.6"
                },
                "hosts": {
                  "istio-egressgateway.istio-system.svc.cluster.local": "55.6"
                }
              },
              "200": {
                "flags": {
                  "-": "44.4"
                },
                "hosts": {
                  "istio-egressgateway.istio-system.svc.cluster.local": "44.4"
                }
              }
            }
          }
        }
      },
      {
        "data": {
          "id": "a9ed1b5a8e96a41eb26c15eba51533f3",
          "source": "6b246b3a246b873bb6f4f76871897c48",
          "target": "2b8c0b20b3d123cfd18420b39505349e",
          "traffic": {
            "protocol": "grpc",
            "rates": {
              "grpc": "600.00",
              "grpcNoResponse": "600.00",
              "grpcPercentErr": "100.0",
              "grpcPercentReq": "100.0"
            },
            "responses": {
              "-": {
                "flags": {
                  "DC": "100.0"
                },
                "hosts": {
                  "istio-egressgateway.istio-system.svc.cluster.local": "100.0"
                }
              }
            }
          }
        }
      },
      {
        "data": {
          "id": "918b98488f22bb43f50783bc93843bbc",
          "source": "6b246b3a246b873bb6f4f76871897c48",
          "target": "354af352ce8b5c4103bc86828039622d",
          "traffic": {
            "protocol": "http",
            "rates": {
              "http": "50.00",
              "httpPercentReq": "4.0"
            },
            "responses": {
              "200": {
                "flags": {
                  "-": "100.0"
                },
                "hosts": {
                  "productpage:9080": "100.0"
                }
              }
            }
          }
        }
      },
      {
        "data": {
          "id": "75dc6bb4bf2b2202f5d9ed0b542110e4",
          "source": "6b246b3a246b873bb6f4f76871897c48",
          "target": "a370e27025c1fea6e29444f6984e23c4",
          "traffic": {
            "protocol": "http",
            "rates": {
              "http": "300.00",
              "httpPercentReq": "24.0"
            },
            "responses": {
              "200": {
                "flags": {
                  "-": "100.0"
                },
                "hosts": {
                  "app.example.com": "100.0"
                }
              }
            }
          }
        }
      }
    ]
  }
}
